2026-08-03 20:12:12 [WARNING ] abtd.system — =======================================================
2026-08-03 20:12:12 [WARNING ] abtd.system —   ML Models not found — rule-based fallback active
2026-08-03 20:12:12 [WARNING ] abtd.system —   Missing: URL Classifier, Behavior Anomaly
2026-08-03 20:12:12 [WARNING ] abtd.system —   Run: python train_all.py
2026-08-03 20:12:12 [WARNING ] abtd.system — =======================================================
2026-08-03 20:12:12 [INFO    ] abtd.system — ✓ Windows background agent started (daemon thread)
2026-08-03 20:12:12 [INFO    ] abtd.agent — ==================================================
2026-08-03 20:12:12 [INFO    ] abtd.agent —   ABTD Windows Agent — Starting
2026-08-03 20:12:12 [INFO    ] abtd.agent — ==================================================
2026-08-03 20:12:12 [ERROR   ] abtd.system — Agent thread error: signal only works in main thread of the main interpreter
2026-08-03 20:12:22 [INFO    ] abtd.system — ✓ MongoDB Atlas connected — DB: 'abtd'
2026-08-03 20:12:22 [INFO    ] abtd.system — Flask application created — all blueprints registered
2026-08-03 20:12:22 [INFO    ] abtd.system — ✓ Flask server starting on http://127.0.0.1:5000
2026-08-03 20:12:22 [INFO    ] abtd.system —   Dashboard: http://127.0.0.1:5000/dashboard
2026-08-03 20:14:37 [INFO    ] abtd.api — Manual scan [url] → http://paypal-secure-login.tk/verify
2026-08-03 20:17:19 [INFO    ] abtd.api — Extension scan → https://cloud.mongodb.com/v2/6a70a0a5d1d2d49341a3c609#/
2026-08-03 20:17:19 [INFO    ] abtd.api — Extension scan → https://cloud.mongodb.com/v2/6a70a0a5d1d2d49341a3c609#/overview
2026-08-03 20:17:24 [INFO    ] abtd.api — Extension scan → https://cloud.mongodb.com/v2/6a70a0a5d1d2d49341a3c609#/clusters/starterTemplates
2026-08-03 20:17:40 [INFO    ] abtd.api — Extension scan → https://cloud.mongodb.com/v2/6a70a0a5d1d2d49341a3c609#/clusters
2026-08-03 20:17:45 [INFO    ] abtd.api — Extension scan → https://cloud.mongodb.com/v2/6a70a0a5d1d2d49341a3c609#/metrics/replicaSet/6a70a1
2026-08-03 20:17:47 [INFO    ] abtd.api — Extension scan → https://cloud.mongodb.com/v2/6a70a0a5d1d2d49341a3c609#/explorer/6a70a12405170407
2026-08-03 20:18:00 [INFO    ] abtd.api — Extension scan → https://cloud.mongodb.com/v2/6a70a0a5d1d2d49341a3c609#/explorer/6a70a12405170407
2026-08-03 20:18:00 [INFO    ] abtd.api — Extension scan → https://cloud.mongodb.com/v2/6a70a0a5d1d2d49341a3c609#/explorer/6a70a12405170407
2026-08-03 20:18:00 [INFO    ] abtd.api — Extension scan → https://cloud.mongodb.com/v2/6a70a0a5d1d2d49341a3c609#/explorer/6a70a12405170407
2026-08-03 20:18:00 [INFO    ] abtd.api — Extension scan → https://cloud.mongodb.com/v2/6a70a0a5d1d2d49341a3c609#/explorer/6a70a12405170407
2026-08-03 20:18:00 [INFO    ] abtd.api — Extension scan → https://cloud.mongodb.com/v2/6a70a0a5d1d2d49341a3c609#/explorer/6a70a12405170407
2026-08-03 20:18:00 [INFO    ] abtd.api — Extension scan → https://cloud.mongodb.com/v2/6a70a0a5d1d2d49341a3c609#/explorer/6a70a12405170407
2026-08-03 20:18:02 [INFO    ] abtd.api — Extension scan → https://cloud.mongodb.com/v2/6a70a0a5d1d2d49341a3c609#/explorer/6a70a12405170407
2026-08-03 20:18:02 [INFO    ] abtd.api — Extension scan → https://cloud.mongodb.com/v2/6a70a0a5d1d2d49341a3c609#/explorer/6a70a12405170407
2026-08-03 20:18:02 [INFO    ] abtd.api — Extension scan → https://cloud.mongodb.com/v2/6a70a0a5d1d2d49341a3c609#/explorer/6a70a12405170407
2026-08-03 20:18:02 [INFO    ] abtd.api — Extension scan → https://cloud.mongodb.com/v2/6a70a0a5d1d2d49341a3c609#/explorer/6a70a12405170407
2026-08-03 20:18:02 [INFO    ] abtd.api — Extension scan → https://cloud.mongodb.com/v2/6a70a0a5d1d2d49341a3c609#/explorer/6a70a12405170407
2026-08-03 20:18:03 [INFO    ] abtd.api — Extension scan → https://cloud.mongodb.com/v2/6a70a0a5d1d2d49341a3c609#/explorer/6a70a12405170407
2026-08-03 20:19:11 [INFO    ] abtd.api — Extension scan → https://cdn2.minitool.com/?p=pw&e=pw-free
2026-08-03 20:19:11 [INFO    ] abtd.api — Extension scan → https://downloadscdn5.freepik.com/d/5267485/52683/21/20261/landing-page-with-pur
2026-08-03 20:19:11 [INFO    ] abtd.api — Extension scan → https://drive.usercontent.google.com/u/0/uc?id=1APE2TyqE0McXse4XaasqRD9Wp_uOQKul
2026-08-03 20:19:11 [INFO    ] abtd.api — Extension scan → https://sathyabama.cognibot.in/pluginfile.php/444808/mod_resource/content/2/Unit
2026-08-03 20:19:11 [INFO    ] abtd.api — Extension scan → https://drive.usercontent.google.com/u/0/uc?id=1Z2wLtrbP3zrUv7Y5hSe60M57KxfWPm4F
2026-08-03 20:19:11 [INFO    ] abtd.api — Extension scan → https://sathyabama.cognibot.in/pluginfile.php/637997/mod_resource/content/1/Unit
2026-08-03 20:19:13 [INFO    ] abtd.api — Extension scan → https://sathyabama.cognibot.in/pluginfile.php/637999/mod_resource/content/1/unit
2026-08-03 20:19:13 [INFO    ] abtd.api — Extension scan → https://sathyabama.cognibot.in/pluginfile.php/643833/mod_resource/content/1/type
2026-08-03 20:19:13 [INFO    ] abtd.api — Extension scan → https://sathyabama.cognibot.in/pluginfile.php/638000/mod_resource/content/1/unit
2026-08-03 20:19:13 [INFO    ] abtd.api — Extension scan → https://sathyabama.cognibot.in/pluginfile.php/638001/mod_resource/content/3/SCSB
2026-08-03 20:19:13 [INFO    ] abtd.api — Extension scan → https://sathyabama.cognibot.in/pluginfile.php/638002/mod_resource/content/1/SCSB
2026-08-03 20:19:14 [INFO    ] abtd.api — Extension scan → https://sathyabama.cognibot.in/pluginfile.php/638459/mod_resource/content/2/U1.p
2026-08-03 20:19:14 [INFO    ] abtd.api — Extension scan → https://sathyabama.cognibot.in/pluginfile.php/638460/mod_resource/content/2/U2.p
2026-08-03 20:19:14 [INFO    ] abtd.api — Extension scan → https://sathyabama.cognibot.in/pluginfile.php/638461/mod_resource/content/2/U3.p
2026-08-03 20:19:15 [INFO    ] abtd.api — Extension scan → https://sathyabama.cognibot.in/pluginfile.php/638462/mod_resource/content/3/U4.p
2026-08-03 20:19:15 [INFO    ] abtd.api — Extension scan → https://sathyabama.cognibot.in/pluginfile.php/638463/mod_resource/content/2/U5.p
2026-08-03 20:19:15 [INFO    ] abtd.api — Extension scan → https://sathyabama.cognibot.in/mod/resource/view.php?id=102985
2026-08-03 20:19:15 [INFO    ] abtd.api — Extension scan → https://sathyabama.cognibot.in/mod/resource/view.php?id=102986
2026-08-03 20:19:16 [INFO    ] abtd.api — Extension scan → https://sathyabama.cognibot.in/mod/resource/view.php?id=102987
2026-08-03 20:19:16 [INFO    ] abtd.api — Extension scan → https://sathyabama.cognibot.in/mod/resource/view.php?id=102988
2026-08-03 20:19:16 [INFO    ] abtd.api — Extension scan → https://sathyabama.cognibot.in/mod/resource/view.php?id=104303
2026-08-03 20:19:16 [INFO    ] abtd.api — Extension scan → https://sathyabama.cognibot.in/mod/resource/view.php?id=104304
2026-08-03 20:19:16 [INFO    ] abtd.api — Extension scan → https://sathyabama.cognibot.in/mod/resource/view.php?id=104466
2026-08-03 20:19:16 [INFO    ] abtd.api — Extension scan → https://sathyabama.cognibot.in/mod/resource/view.php?id=106202
2026-08-03 20:19:17 [INFO    ] abtd.api — Extension scan → https://sathyabama.cognibot.in/mod/resource/view.php?id=106203
2026-08-03 20:19:17 [INFO    ] abtd.api — Extension scan → https://sathyabama.cognibot.in/mod/resource/view.php?id=106204
2026-08-03 20:19:17 [INFO    ] abtd.api — Extension scan → blob:https://www.codechef.com/65972ffc-3806-4bc4-b651-a55c3e87ac6b
2026-08-03 20:19:17 [INFO    ] abtd.api — Extension scan → blob:https://www.codechef.com/14171c6a-7f70-4f9e-a6a8-44e4bd2ba8aa
2026-08-03 20:19:17 [INFO    ] abtd.api — Extension scan → https://download.virtualbox.org/virtualbox/7.1.8/Oracle_VirtualBox_Extension_Pac
2026-08-03 20:19:17 [INFO    ] abtd.api — Extension scan → https://mirror.del2.albony.in/ubuntu-releases/24.04.2/ubuntu-24.04.2-desktop-amd
2026-08-03 20:19:17 [INFO    ] abtd.api — Extension scan → https://get.microsoft.com/installer/download/9NKSQGP7F2NH?cid=qr_slim_banner
2026-08-03 20:19:18 [INFO    ] abtd.api — Extension scan → https://files.oaiusercontent.com/file-U8C2HxGMsZoHJbWTvieksR?se=2025-05-17T01%3A
2026-08-03 20:19:18 [INFO    ] abtd.api — Extension scan → https://api9.ilovepdf.com/v1/download/Aqptztx99vsdgnlv252w46b5nf89kb3z21wzzf4kdt
2026-08-03 20:19:18 [INFO    ] abtd.api — Extension scan → blob:https://get.adobe.com/10b97132-23be-4f0e-846a-d99b01c0a7b1
2026-08-03 20:19:18 [INFO    ] abtd.api — Extension scan → https://media.istockphoto.com/id/1324985401/photo/portrait-of-handsome-mature-ma
2026-08-03 20:19:19 [INFO    ] abtd.api — Extension scan → https://media.istockphoto.com/id/1324985401/photo/portrait-of-handsome-mature-ma
2026-08-03 20:19:19 [INFO    ] abtd.api — Extension scan → https://github.com/settings/two_factor_authentication/setup/recovery_download
2026-08-03 20:19:19 [INFO    ] abtd.api — Extension scan → blob:https://github.com/3042e8ef-a720-45ec-9248-edb81105eaf5
2026-08-03 20:19:20 [INFO    ] abtd.api — Extension scan → blob:https://github.com/fd8a9f52-7499-45bb-a0fa-84506617efe2
2026-08-03 20:19:20 [INFO    ] abtd.api — Extension scan → blob:https://github.com/37ed1a19-0cca-4151-af65-c53edfa05ee0
2026-08-03 20:19:20 [INFO    ] abtd.api — Extension scan → blob:https://payments.cashfree.com/4cccf218-6254-4e92-aec9-cab4c57b0171
2026-08-03 20:19:20 [INFO    ] abtd.api — Extension scan → blob:https://www.codechef.com/71fc5fc3-dc16-4d9d-b777-77e7e59e598f
2026-08-03 20:19:20 [INFO    ] abtd.api — Extension scan → blob:https://github.com/c2b713d2-4364-4944-9afe-77214ec07db6
2026-08-03 20:19:20 [INFO    ] abtd.api — Extension scan → blob:https://github.com/132465c2-5a04-41d2-be4f-293e3689cfb2
2026-08-03 20:19:20 [INFO    ] abtd.api — Extension scan → blob:https://github.com/9a2d45f3-4cbf-4b47-890d-2e4a044a9cfa
2026-08-03 20:19:20 [INFO    ] abtd.api — Extension scan → blob:https://github.com/ae486580-e995-431a-8507-43ee4192a482
2026-08-03 20:19:20 [INFO    ] abtd.api — Extension scan → https://discord.com/api/download?platform=win
2026-08-03 20:19:20 [INFO    ] abtd.api — Extension scan → https://sathyabama.cognibot.in/mod/resource/view.php?id=107559
2026-08-03 20:19:21 [INFO    ] abtd.api — Extension scan → https://sathyabama.cognibot.in/pluginfile.php/656403/mod_resource/content/1/UNIT
2026-08-03 20:19:21 [INFO    ] abtd.api — Extension scan → https://sathyabama.cognibot.in/mod/resource/view.php?id=109074
2026-08-03 20:19:22 [INFO    ] abtd.api — Extension scan → https://sathyabama.cognibot.in/pluginfile.php/655603/mod_resource/content/1/UNIT
2026-08-03 20:19:22 [INFO    ] abtd.api — Extension scan → https://sathyabama.cognibot.in/mod/resource/view.php?id=107769
2026-08-03 20:19:22 [INFO    ] abtd.api — Extension scan → https://sathyabama.cognibot.in/pluginfile.php/655602/mod_resource/content/1/UNIT
2026-08-03 20:19:23 [INFO    ] abtd.api — Extension scan → https://sathyabama.cognibot.in/mod/resource/view.php?id=108713
2026-08-03 20:19:23 [INFO    ] abtd.api — Extension scan → https://sathyabama.cognibot.in/pluginfile.php/655288/mod_resource/content/1/S11B
2026-08-03 20:19:23 [INFO    ] abtd.api — Extension scan → https://sathyabama.cognibot.in/pluginfile.php/656476/mod_resource/content/1/unit
2026-08-03 20:19:23 [INFO    ] abtd.api — Extension scan → https://sathyabama.cognibot.in/pluginfile.php/655287/mod_resource/content/2/UNIT
2026-08-03 20:19:24 [INFO    ] abtd.api — Extension scan → https://sathyabama.cognibot.in/pluginfile.php/655356/mod_resource/content/1/UNIT
2026-08-03 20:19:24 [INFO    ] abtd.api — Extension scan → https://sathyabama.cognibot.in/pluginfile.php/655284/mod_resource/content/1/UNIT
2026-08-03 20:19:24 [INFO    ] abtd.api — Extension scan → https://sathyabama.cognibot.in/mod/resource/view.php?id=107119
2026-08-03 20:19:24 [INFO    ] abtd.api — Extension scan → https://sathyabama.cognibot.in/pluginfile.php/655363/mod_resource/content/1/UNIT
2026-08-03 20:19:25 [INFO    ] abtd.api — Extension scan → https://sathyabama.cognibot.in/mod/resource/view.php?id=107155
2026-08-03 20:19:25 [INFO    ] abtd.api — Extension scan → https://udemy-certificate.s3.amazonaws.com/pdf/UC-f205af2d-7de5-4b3d-ba57-c48299
2026-08-03 20:19:26 [INFO    ] abtd.api — Extension scan → https://bbdownload.filesdl.in/fdownload.php?id=aHR0cHM6Ly9waG90b3MuZ29vZ2xlLmNvb
2026-08-03 20:19:26 [INFO    ] abtd.api — Extension scan → https://nodejs.org/dist/v22.18.0/node-v22.18.0-x64.msi
2026-08-03 20:19:26 [INFO    ] abtd.api — Extension scan → https://drive.usercontent.google.com/download?id=1zilqsHni_xx96VqCRuZMf5IsfW-Ahn
2026-08-03 20:19:27 [INFO    ] abtd.api — Extension scan → https://drive.usercontent.google.com/download?id=1mqvmPJmi-f8v3HudBzrWTc4vLqHLzi
2026-08-03 20:19:28 [INFO    ] abtd.api — Extension scan → https://drive.usercontent.google.com/download?id=1JRzZmn73Oyq-L4NwBvRdngkfVTIq9I
2026-08-03 20:19:29 [INFO    ] abtd.api — Extension scan → https://drive.usercontent.google.com/download?id=1o22He2Zu_wWWIpHOh1JWxErI7rsntr
2026-08-03 20:19:29 [INFO    ] abtd.api — Extension scan → https://drive.usercontent.google.com/download?id=1o22He2Zu_wWWIpHOh1JWxErI7rsntr
2026-08-03 20:19:29 [INFO    ] abtd.api — Extension scan → https://drive.usercontent.google.com/download?id=1mqvmPJmi-f8v3HudBzrWTc4vLqHLzi
2026-08-03 20:19:30 [INFO    ] abtd.api — Extension scan → https://www.netacad.com/s/ff9e491c-49be-4734-803e-a79e6e83dab1/users/23ca4940-01
2026-08-03 20:19:30 [INFO    ] abtd.api — Extension scan → https://code.visualstudio.com/sha/download?build=stable&os=win32-x64-user
2026-08-03 20:19:30 [INFO    ] abtd.api — Extension scan → https://archive.org/download/cpt822/CiscoPacketTracer822_64bit_setup_signed.exe
2026-08-03 20:19:31 [INFO    ] abtd.api — Extension scan → https://api90w.ilovepdf.com/v1/download/k0rxqmyq6w6dw4q2rlhr6tAvvzqwhmzlh4j08kwv
2026-08-03 20:19:31 [INFO    ] abtd.api — Extension scan → blob:https://github.com/ee65c8af-5e11-4f78-81f6-bec4238d4820
2026-08-03 20:19:31 [INFO    ] abtd.api — Extension scan → https://dev.mysql.com/get/Downloads/MySQLInstaller/mysql-installer-web-community
2026-08-03 20:19:32 [INFO    ] abtd.api — Extension scan → https://public-cdn.cloud.unity3d.com/hub/prod/UnityHubSetup.exe
2026-08-03 20:19:32 [INFO    ] abtd.api — Extension scan → https://fastdl.mongodb.org/windows/mongodb-windows-x86_64-8.0.13-signed.msi
2026-08-03 20:19:32 [INFO    ] abtd.api — Extension scan → https://downloads.mongodb.com/compass/mongosh-2.5.8-x64.msi
2026-08-03 20:19:33 [INFO    ] abtd.api — Extension scan → https://download.java.net/java/GA/jdk24.0.2/fdc5d0102fe0414db21410ad5834341f/12/
2026-08-03 20:19:33 [INFO    ] abtd.api — Extension scan → https://drive.google.com/uc?id=18GBfcxHvONoWiOCWQSOS-yvxoiiwARZn
2026-08-03 20:19:33 [INFO    ] abtd.api — Extension scan → https://drive.google.com/uc?id=1mTwSlqfmBeRpOCjshtWqonuh1B5IbqmN
2026-08-03 20:19:34 [INFO    ] abtd.api — Extension scan → https://s75-hzde.freeconvert.com/task/68d1708510ec50af64f67f8c/signature.jpg
2026-08-03 20:19:34 [INFO    ] abtd.api — Extension scan → https://imback.pi7.org/downloadimage/uploadimg/CusRM_89225signature.jpg
2026-08-03 20:19:34 [INFO    ] abtd.api — Extension scan → https://imback.pi7.org/downloadimage/uploadimg/CusRM_67811signature.jpg
2026-08-03 20:19:35 [INFO    ] abtd.api — Extension scan → https://api72.ilovepdf.com/v1/download/0hpyn3ln3c39qmgn2j5w4gA4tqvwfjcrdtpzn0t7c
2026-08-03 20:19:35 [INFO    ] abtd.api — Extension scan → https://goapsbe.iitg.ac.in/api/auth/file/dlCert?type=dlphotoID
2026-08-03 20:19:35 [INFO    ] abtd.api — Extension scan → https://goapsbe.iitg.ac.in/api/auth/file/dlApplicationForm
2026-08-03 20:19:36 [INFO    ] abtd.api — Extension scan → https://goapsbe.iitg.ac.in/api/auth/file/dlApplicationForm
2026-08-03 20:19:36 [INFO    ] abtd.api — Extension scan → https://3dwarehouse.sketchup.com/warehouse/v1.0/entities/743011ed-9b72-4028-b41c
2026-08-03 20:19:36 [INFO    ] abtd.api — Extension scan → https://3dwarehouse.sketchup.com/warehouse/v1.0/entities/62176bc0-88fa-4a7d-9b42
2026-08-03 20:19:36 [INFO    ] abtd.api — Extension scan → https://dlcdn.apache.org/maven/maven-3/3.9.11/binaries/apache-maven-3.9.11-bin.z
2026-08-03 20:19:36 [INFO    ] abtd.api — Extension scan → https://s3.us-east-2.amazonaws.com/mineralsqbsocks/mcjf116dtz/SetupFile-237971.z
2026-08-03 20:19:37 [INFO    ] abtd.api — Extension scan → https://install1check.com/offer_redirect.php?r=5CnUpS2tEweG5dnuO9KQFhOW7qHBkRJei
2026-08-03 20:19:38 [INFO    ] abtd.api — Extension scan → https://sathyabama.cognibot.in/pluginfile.php/659229/mod_resource/content/1/UNIT
2026-08-03 20:19:38 [INFO    ] abtd.api — Extension scan → https://sathyabama.cognibot.in/pluginfile.php/659228/mod_resource/content/1/UNIT
2026-08-03 20:19:38 [INFO    ] abtd.api — Extension scan → https://sathyabama.cognibot.in/mod/resource/view.php?id=108714
2026-08-03 20:19:39 [INFO    ] abtd.api — Extension scan → https://sathyabama.cognibot.in/mod/resource/view.php?id=108733
2026-08-03 20:19:40 [INFO    ] abtd.api — Extension scan → https://sathyabama.cognibot.in/pluginfile.php/655884/mod_resource/content/2/UNIT
2026-08-03 20:19:40 [INFO    ] abtd.api — Extension scan → https://sathyabama.cognibot.in/pluginfile.php/658292/mod_resource/content/1/Unit
2026-08-03 20:19:40 [INFO    ] abtd.api — Extension scan → https://sathyabama.cognibot.in/pluginfile.php/729469/mod_resource/content/1/Unit
2026-08-03 20:19:40 [INFO    ] abtd.api — Extension scan → https://sathyabama.cognibot.in/pluginfile.php/671648/mod_resource/content/1/UNIT
2026-08-03 20:19:41 [INFO    ] abtd.api — Extension scan → https://sathyabama.cognibot.in/mod/resource/view.php?id=107157
2026-08-03 20:19:41 [INFO    ] abtd.api — Extension scan → https://sathyabama.cognibot.in/mod/resource/view.php?id=108511
2026-08-03 20:19:41 [INFO    ] abtd.api — Extension scan → https://sathyabama.cognibot.in/pluginfile.php/659193/mod_resource/content/1/S11B
2026-08-03 20:19:42 [INFO    ] abtd.api — Extension scan → https://sathyabama.cognibot.in/pluginfile.php/659194/mod_resource/content/1/S11B
2026-08-03 20:19:42 [INFO    ] abtd.api — Extension scan → https://api35w.ilovepdf.com/v1/download/8bkg39mpc3q1brlfqjp0rx6Ap5A1myt2stvt9ttg
2026-08-03 20:19:42 [INFO    ] abtd.api — Extension scan → https://api91w.ilovepdf.com/v1/download/xAjAn2tzfwd1cqbvb4bw8ht0544fhfkw51ydx3As
2026-08-03 20:19:42 [INFO    ] abtd.api — Extension scan → https://github.com/coreybutler/nvm-windows/releases/download/1.2.2/nvm-setup.exe
2026-08-03 20:19:43 [INFO    ] abtd.api — Extension scan → https://nodejs.org/dist/v22.20.0/node-v22.20.0-x64.msi
2026-08-03 20:19:45 [INFO    ] abtd.api — Extension scan → blob:https://apps.microsoft.com/6a899c4a-7514-460e-8b3b-f3a96e5e74d5
2026-08-03 20:19:46 [INFO    ] abtd.api — Extension scan → https://api86w.ilovepdf.com/v1/download/btdAs38kmyl3xblq9dbt38hsqArg3npj0vmvqm64
2026-08-03 20:19:46 [INFO    ] abtd.api — Extension scan → https://api1w-c-fr.ilovepdf.com/v1/download/t12flby7rt695ttt76crbvkbyyfq9gy3t62m
2026-08-03 20:19:46 [INFO    ] abtd.api — Extension scan → https://api61w.ilovepdf.com/v1/download/Aq9gtzdA2mt2s9b3c687l0ntywyn7292pm2hc7c0
2026-08-03 20:19:46 [INFO    ] abtd.api — Extension scan → https://api44w.ilovepdf.com/v1/download/m9594h67psr2w8z35h2836jxpzvnv41r0bfmp9kb
2026-08-03 20:19:48 [INFO    ] abtd.api — Extension scan → https://api56w.ilovepdf.com/v1/download/g51wh8pzj005b93tck65Abc91cq3xs0t126kcnv4
2026-08-03 20:19:48 [INFO    ] abtd.api — Extension scan → https://api7ao.ilovepdf.com/v1/download/4yxvAhpn9b95j54ml9gqt1As9dyf93ddh3bhp9sl
2026-08-03 20:19:48 [INFO    ] abtd.api — Extension scan → https://api24o.ilovepdf.com/v1/download/ylhjs6863qjAr1rr2dfw1sk5264xtxq9mt3hzbsn
2026-08-03 20:19:48 [INFO    ] abtd.api — Extension scan → https://api18w.ilovepdf.com/v1/download/gk9npc3zz76A5k7pdb5pjv9wrs3bkt7g1hmcvxhr
2026-08-03 20:19:48 [INFO    ] abtd.api — Extension scan → https://www.google.com/url?q=https://github.com/iamneo-jarvis/neo-browser-window
2026-08-03 20:19:48 [INFO    ] abtd.api — Extension scan → https://github.com/iamneo-jarvis/neo-browser-windows-build/releases/download/v1.
2026-08-03 20:19:50 [INFO    ] abtd.api — Extension scan → https://github.com/iamneo-jarvis/neo-browser-windows-build/releases/download/v1.
2026-08-03 20:19:50 [INFO    ] abtd.api — Extension scan → https://github.com/iamneo-jarvis/neo-browser-windows-build/releases/download/v1.
2026-08-03 20:19:50 [INFO    ] abtd.api — Extension scan → https://github.com/iamneo-jarvis/neo-browser-windows-build/releases/download/v1.
2026-08-03 20:19:50 [INFO    ] abtd.api — Extension scan → https://github.com/iamneo-jarvis/neo-browser-windows-build/releases/download/v1.
2026-08-03 20:19:50 [INFO    ] abtd.api — Extension scan → https://drive.usercontent.google.com/download?id=1FutVo1CtOiNx0UFmUUeCLGUJ2UTLuf
2026-08-03 20:19:50 [INFO    ] abtd.api — Extension scan → https://sathyabama.cognibot.in/pluginfile.php/655747/mod_resource/content/1/UNIT
2026-08-03 20:19:51 [INFO    ] abtd.api — Extension scan → https://sathyabama.cognibot.in/pluginfile.php/655746/mod_resource/content/1/UNIT
2026-08-03 20:19:52 [INFO    ] abtd.api — Extension scan → https://sathyabama.cognibot.in/pluginfile.php/655604/mod_resource/content/1/UNIT
2026-08-03 20:19:52 [INFO    ] abtd.api — Extension scan → https://download.oracle.com/java/25/latest/jdk-25_windows-x64_bin.exe
2026-08-03 20:19:52 [INFO    ] abtd.api — Extension scan → https://unsplash.com/photos/GtU3sfUQMkA/download?ixid=M3wxMjA3fDB8MXxhbGx8Mjd8fH
2026-08-03 20:19:52 [INFO    ] abtd.api — Extension scan → https://download.mozilla.org/?product=firefox-stub&os=win&lang=en-US&attribution
2026-08-03 20:19:52 [INFO    ] abtd.api — Extension scan → blob:https://www.apnacollege.in/c7de33aa-9214-41b6-97b5-108466616312
2026-08-03 20:19:53 [INFO    ] abtd.api — Extension scan → blob:https://www.apnacollege.in/506fb398-298d-4a8e-a7ec-ef60f1c29e11
2026-08-03 20:19:53 [INFO    ] abtd.api — Extension scan → https://www.apnacollege.in/pdf-server/v2/stamp/pdf/Computer%20Networks%20Notes.p
2026-08-03 20:19:53 [INFO    ] abtd.api — Extension scan → https://www.apnacollege.in/pdf-server/v2/stamp/pdf/Operating%20System%20Notes.pd
2026-08-03 20:19:53 [INFO    ] abtd.api — Extension scan → https://github.com/iamneo-jarvis/neo-browser-windows-build/releases/download/v1.
2026-08-03 20:19:54 [INFO    ] abtd.api — Extension scan → https://github.com/iamneo-jarvis/neo-browser-windows-build/releases/download/v1.
2026-08-03 20:19:54 [INFO    ] abtd.api — Extension scan → https://cdn-user-temp.veed.io/render/86e564e7-701a-4bc7-a381-612834c02a0a.mp4?fi
2026-08-03 20:19:54 [INFO    ] abtd.api — Extension scan → https://cdn-user-temp.veed.io/render/966e03e6-9f13-46e8-aa3f-7dda9919b843.mp4?fi
2026-08-03 20:19:54 [INFO    ] abtd.api — Extension scan → https://media.istockphoto.com/id/104731717/photo/luxury-resort.jpg?s=2048x2048&w
2026-08-03 20:19:54 [INFO    ] abtd.api — Extension scan → https://media.istockphoto.com/id/172515976/photo/luxury-hotel-pool.jpg?s=1024x10
2026-08-03 20:19:55 [INFO    ] abtd.api — Extension scan → https://media.istockphoto.com/id/956626970/photo/hotel-resort-swimming-pool.jpg?
2026-08-03 20:19:55 [INFO    ] abtd.api — Extension scan → https://media.istockphoto.com/id/636484522/photo/hotel-resort-swimming-pool.jpg?
2026-08-03 20:19:55 [INFO    ] abtd.api — Extension scan → https://media.istockphoto.com/id/178740145/photo/tropical-resort-scenery-in-hurg
2026-08-03 20:19:55 [INFO    ] abtd.api — Extension scan → https://groups.google.com/u/1/group/sathyabama-pc-2027-engg/attach/111c6937d1759
2026-08-03 20:19:58 [INFO    ] abtd.api — Extension scan → https://github.com/iamneo-jarvis/neo-browser-windows-build/releases/download/v1.
2026-08-11 17:41:53 [INFO    ] abtd.system — ✓ All 4 ML models loaded
2026-08-11 17:41:53 [INFO    ] abtd.system — ✓ Windows background agent started (daemon thread)
2026-08-11 17:41:54 [INFO    ] abtd.agent — ==================================================
2026-08-11 17:41:54 [INFO    ] abtd.agent —   ABTD Windows Agent — Starting
2026-08-11 17:41:54 [INFO    ] abtd.agent — ==================================================
2026-08-11 17:41:54 [ERROR   ] abtd.system — Agent thread error: signal only works in main thread of the main interpreter
2026-08-11 17:42:08 [WARNING ] abtd.system — MongoDB connection failed: SSL handshake failed: ac-zkzfou9-shard-00-00.dnvgxor.mongodb.net:27017: [SSL: TLSV1_ALERT_INTERNAL_ERROR] tlsv1 alert internal error (_ssl.c:1081) (configured timeouts: socketTimeoutMS: 5000.0ms, connectTimeoutMS: 5000.0ms),SSL handshake failed: ac-zkzfou9-shard-00-02.dnvgxor.mongodb.net:27017: [SSL: TLSV1_ALERT_INTERNAL_ERROR] tlsv1 alert internal error (_ssl.c:1081) (configured timeouts: socketTimeoutMS: 5000.0ms, connectTimeoutMS: 5000.0ms),SSL handshake failed: ac-zkzfou9-shard-00-01.dnvgxor.mongodb.net:27017: [SSL: TLSV1_ALERT_INTERNAL_ERROR] tlsv1 alert internal error (_ssl.c:1081) (configured timeouts: socketTimeoutMS: 5000.0ms, connectTimeoutMS: 5000.0ms), Timeout: 5.0s, Topology Description: <TopologyDescription id: 6a7b118a277fe3023ca5e29d, topology_type: ReplicaSetNoPrimary, servers: [<ServerDescription ('ac-zkzfou9-shard-00-00.dnvgxor.mongodb.net', 27017) server_type: Unknown, rtt: None, error=AutoReconnect('SSL handshake failed: ac-zkzfou9-shard-00-00.dnvgxor.mongodb.net:27017: [SSL: TLSV1_ALERT_INTERNAL_ERROR] tlsv1 alert internal error (_ssl.c:1081) (configured timeouts: socketTimeoutMS: 5000.0ms, connectTimeoutMS: 5000.0ms)')>, <ServerDescription ('ac-zkzfou9-shard-00-01.dnvgxor.mongodb.net', 27017) server_type: Unknown, rtt: None, error=AutoReconnect('SSL handshake failed: ac-zkzfou9-shard-00-01.dnvgxor.mongodb.net:27017: [SSL: TLSV1_ALERT_INTERNAL_ERROR] tlsv1 alert internal error (_ssl.c:1081) (configured timeouts: socketTimeoutMS: 5000.0ms, connectTimeoutMS: 5000.0ms)')>, <ServerDescription ('ac-zkzfou9-shard-00-02.dnvgxor.mongodb.net', 27017) server_type: Unknown, rtt: None, error=AutoReconnect('SSL handshake failed: ac-zkzfou9-shard-00-02.dnvgxor.mongodb.net:27017: [SSL: TLSV1_ALERT_INTERNAL_ERROR] tlsv1 alert internal error (_ssl.c:1081) (configured timeouts: socketTimeoutMS: 5000.0ms, connectTimeoutMS: 5000.0ms)')>]>
2026-08-11 17:42:08 [WARNING ] abtd.system — System will run without database persistence.
2026-08-11 17:42:08 [INFO    ] abtd.system — Flask application created — all blueprints registered
2026-08-11 17:42:08 [INFO    ] abtd.system — ✓ Flask server starting on http://127.0.0.1:5000
2026-08-11 17:42:08 [INFO    ] abtd.system —   Dashboard: http://127.0.0.1:5000/dashboard
2026-08-11 18:01:23 [INFO    ] abtd.agent — 🔔 ℹ️ ABTD — Test Alert — Unit test notification
2026-08-11 18:01:23 [INFO    ] abtd.agent — 🔔 ⚠️ ABTD — Long Message — xxxxxxxxxxxxxxxxxxxxxxxxxxxxxxxxxxxxxxxxxxxxxxxxxxxxxxxxxxxxxxxxxxxxxxxxxxxxxxxx
2026-08-11 18:01:23 [INFO    ] abtd.agent — 🔔 🔴 ABTD — Critical Test — Testing critical notification
2026-08-11 18:05:24 [INFO    ] abtd.agent — 👁 Watching: C:\Users\Kumar/Downloads
2026-08-11 18:05:24 [INFO    ] abtd.agent — 👁 Watching: C:\Users\Kumar/Desktop
2026-08-11 18:05:24 [INFO    ] abtd.agent — 👁 Watching: C:\Users\Kumar\AppData\Local\Temp
2026-08-11 18:05:24 [INFO    ] abtd.agent — ✓ File monitor started
2026-08-11 18:05:24 [INFO    ] abtd.agent — File monitor stopped
2026-08-11 18:05:24 [INFO    ] abtd.engine — ✓ Malware classifier loaded
2026-08-11 18:06:39 [WARNING ] abtd.system — MongoDB connection failed: SSL handshake failed: ac-zkzfou9-shard-00-01.dnvgxor.mongodb.net:27017: [SSL: TLSV1_ALERT_INTERNAL_ERROR] tlsv1 alert internal error (_ssl.c:1081) (configured timeouts: socketTimeoutMS: 5000.0ms, connectTimeoutMS: 5000.0ms),SSL handshake failed: ac-zkzfou9-shard-00-02.dnvgxor.mongodb.net:27017: [SSL: TLSV1_ALERT_INTERNAL_ERROR] tlsv1 alert internal error (_ssl.c:1081) (configured timeouts: socketTimeoutMS: 5000.0ms, connectTimeoutMS: 5000.0ms),SSL handshake failed: ac-zkzfou9-shard-00-00.dnvgxor.mongodb.net:27017: [SSL: TLSV1_ALERT_INTERNAL_ERROR] tlsv1 alert internal error (_ssl.c:1081) (configured timeouts: socketTimeoutMS: 5000.0ms, connectTimeoutMS: 5000.0ms), Timeout: 5.0s, Topology Description: <TopologyDescription id: 6a7b174995918408cc64e10b, topology_type: ReplicaSetNoPrimary, servers: [<ServerDescription ('ac-zkzfou9-shard-00-00.dnvgxor.mongodb.net', 27017) server_type: Unknown, rtt: None, error=AutoReconnect('SSL handshake failed: ac-zkzfou9-shard-00-00.dnvgxor.mongodb.net:27017: [SSL: TLSV1_ALERT_INTERNAL_ERROR] tlsv1 alert internal error (_ssl.c:1081) (configured timeouts: socketTimeoutMS: 5000.0ms, connectTimeoutMS: 5000.0ms)')>, <ServerDescription ('ac-zkzfou9-shard-00-01.dnvgxor.mongodb.net', 27017) server_type: Unknown, rtt: None, error=AutoReconnect('SSL handshake failed: ac-zkzfou9-shard-00-01.dnvgxor.mongodb.net:27017: [SSL: TLSV1_ALERT_INTERNAL_ERROR] tlsv1 alert internal error (_ssl.c:1081) (configured timeouts: socketTimeoutMS: 5000.0ms, connectTimeoutMS: 5000.0ms)')>, <ServerDescription ('ac-zkzfou9-shard-00-02.dnvgxor.mongodb.net', 27017) server_type: Unknown, rtt: None, error=AutoReconnect('SSL handshake failed: ac-zkzfou9-shard-00-02.dnvgxor.mongodb.net:27017: [SSL: TLSV1_ALERT_INTERNAL_ERROR] tlsv1 alert internal error (_ssl.c:1081) (configured timeouts: socketTimeoutMS: 5000.0ms, connectTimeoutMS: 5000.0ms)')>]>
2026-08-11 18:06:39 [WARNING ] abtd.system — System will run without database persistence.
2026-08-11 18:06:39 [INFO    ] abtd.system — Flask application created — all blueprints registered
2026-08-11 18:06:39 [INFO    ] abtd.api — Extension scan → https://www.google.com
2026-08-11 18:06:42 [INFO    ] abtd.api — Extension scan → http://paypal-login-verify.tk/account
2026-08-11 18:06:53 [INFO    ] abtd.api — Extension scan → https://github.com
2026-08-11 18:06:55 [INFO    ] abtd.api — Extension scan → https://python.org
2026-08-11 18:06:57 [INFO    ] abtd.api — Manual scan [url] → https://example.com
2026-08-11 18:06:59 [INFO    ] abtd.api — Manual scan [file] → C:/does/not/exist.exe
2026-08-12 16:29:34 [INFO    ] abtd.system — ✓ All 4 ML models loaded
2026-08-12 16:29:34 [INFO    ] abtd.system — ✓ Windows background agent started (daemon thread)
2026-08-12 16:29:35 [INFO    ] abtd.agent — ==================================================
2026-08-12 16:29:35 [INFO    ] abtd.agent —   ABTD Windows Agent — Starting
2026-08-12 16:29:35 [INFO    ] abtd.agent — ==================================================
2026-08-12 16:29:35 [ERROR   ] abtd.system — Agent thread error: signal only works in main thread of the main interpreter
2026-08-12 16:29:48 [WARNING ] abtd.system — MongoDB connection failed: SSL handshake failed: ac-zkzfou9-shard-00-02.dnvgxor.mongodb.net:27017: [SSL: TLSV1_ALERT_INTERNAL_ERROR] tlsv1 alert internal error (_ssl.c:1081) (configured timeouts: socketTimeoutMS: 5000.0ms, connectTimeoutMS: 5000.0ms),SSL handshake failed: ac-zkzfou9-shard-00-00.dnvgxor.mongodb.net:27017: [SSL: TLSV1_ALERT_INTERNAL_ERROR] tlsv1 alert internal error (_ssl.c:1081) (configured timeouts: socketTimeoutMS: 5000.0ms, connectTimeoutMS: 5000.0ms),SSL handshake failed: ac-zkzfou9-shard-00-01.dnvgxor.mongodb.net:27017: [SSL: TLSV1_ALERT_INTERNAL_ERROR] tlsv1 alert internal error (_ssl.c:1081) (configured timeouts: socketTimeoutMS: 5000.0ms, connectTimeoutMS: 5000.0ms), Timeout: 5.0s, Topology Description: <TopologyDescription id: 6a7c52175bf66500dd63a371, topology_type: ReplicaSetNoPrimary, servers: [<ServerDescription ('ac-zkzfou9-shard-00-00.dnvgxor.mongodb.net', 27017) server_type: Unknown, rtt: None, error=AutoReconnect('SSL handshake failed: ac-zkzfou9-shard-00-00.dnvgxor.mongodb.net:27017: [SSL: TLSV1_ALERT_INTERNAL_ERROR] tlsv1 alert internal error (_ssl.c:1081) (configured timeouts: socketTimeoutMS: 5000.0ms, connectTimeoutMS: 5000.0ms)')>, <ServerDescription ('ac-zkzfou9-shard-00-01.dnvgxor.mongodb.net', 27017) server_type: Unknown, rtt: None, error=AutoReconnect('SSL handshake failed: ac-zkzfou9-shard-00-01.dnvgxor.mongodb.net:27017: [SSL: TLSV1_ALERT_INTERNAL_ERROR] tlsv1 alert internal error (_ssl.c:1081) (configured timeouts: socketTimeoutMS: 5000.0ms, connectTimeoutMS: 5000.0ms)')>, <ServerDescription ('ac-zkzfou9-shard-00-02.dnvgxor.mongodb.net', 27017) server_type: Unknown, rtt: None, error=AutoReconnect('SSL handshake failed: ac-zkzfou9-shard-00-02.dnvgxor.mongodb.net:27017: [SSL: TLSV1_ALERT_INTERNAL_ERROR] tlsv1 alert internal error (_ssl.c:1081) (configured timeouts: socketTimeoutMS: 5000.0ms, connectTimeoutMS: 5000.0ms)')>]>
2026-08-12 16:29:48 [WARNING ] abtd.system — System will run without database persistence.
2026-08-12 16:29:49 [INFO    ] abtd.system — Flask application created — all blueprints registered
2026-08-12 16:29:49 [INFO    ] abtd.system — ✓ Flask server starting on http://127.0.0.1:5000
2026-08-12 16:29:49 [INFO    ] abtd.system —   Dashboard: http://127.0.0.1:5000/dashboard
2026-08-12 20:23:45 [WARNING ] abtd.agent — wmi package not installed — USB monitoring disabled. Install: pip install wmi
2026-08-12 20:25:14 [WARNING ] abtd.agent — wmi package not installed — USB monitoring disabled. Install: pip install wmi
2026-08-13 15:59:00 [INFO    ] abtd.agent — [NOTIFY] ℹ️ ABTD — Test Alert: Unit test notification
2026-08-13 15:59:00 [INFO    ] abtd.agent — 🔔 ℹ️ ABTD — Test Alert — Unit test notification
2026-08-13 15:59:00 [INFO    ] abtd.agent — [NOTIFY] ⚠️ ABTD — Long Message: xxxxxxxxxxxxxxxxxxxxxxxxxxxxxxxxxxxxxxxxxxxxxxxxxxxxxxxxxxxxxxxxxxxxxxxxxxxxxxxxxxxxxxxxxxxxxxxxxxxxxxxxxxxxxxxxxxxxxxxxxxxxxxxxxxxxxxxxxxxxxxxxxxxxxxxxxxxxxxxxxxxxxxxxxxxxxxxxxxxxxxxxxxxxxxxxxxxxxxxxxxxxxxxxxxxxxxxxxxxxxxxxxxxxxxxxxxxxxxxxxxxxxxxxxx
2026-08-13 15:59:00 [INFO    ] abtd.agent — 🔔 ⚠️ ABTD — Long Message — xxxxxxxxxxxxxxxxxxxxxxxxxxxxxxxxxxxxxxxxxxxxxxxxxxxxxxxxxxxxxxxxxxxxxxxxxxxxxxxx
2026-08-13 15:59:00 [INFO    ] abtd.agent — [NOTIFY] 🔴 ABTD — Critical Test: Testing critical notification
2026-08-13 15:59:00 [INFO    ] abtd.agent — 🔔 🔴 ABTD — Critical Test — Testing critical notification
2026-08-13 15:59:00 [WARNING ] abtd.system — pymongo not installed — database features disabled
2026-08-13 16:04:02 [WARNING ] abtd.agent — watchdog not installed — file monitoring disabled
2026-08-13 16:04:03 [WARNING ] abtd.agent — watchdog not installed — file monitoring disabled
2026-08-13 16:04:03 [INFO    ] abtd.engine — ✓ Malware classifier loaded
2026-08-13 16:04:16 [WARNING ] abtd.agent — wmi package not installed — USB monitoring disabled. Install: pip install wmi
2026-08-13 16:09:32 [INFO    ] abtd.agent — 🔔 ℹ️ ABTD — Test Alert — Unit test notification
2026-08-13 16:09:32 [INFO    ] abtd.agent — 🔔 ⚠️ ABTD — Long Message — xxxxxxxxxxxxxxxxxxxxxxxxxxxxxxxxxxxxxxxxxxxxxxxxxxxxxxxxxxxxxxxxxxxxxxxxxxxxxxxx
2026-08-13 16:09:32 [INFO    ] abtd.agent — 🔔 🔴 ABTD — Critical Test — Testing critical notification
2026-08-13 16:12:30 [INFO    ] abtd.agent — 👁 Watching: C:\Users\birju/Downloads
2026-08-13 16:12:30 [INFO    ] abtd.agent — 👁 Watching: C:\Users\birju\AppData\Local\Temp
2026-08-13 16:12:30 [INFO    ] abtd.agent — ✓ File monitor started
2026-08-13 16:12:30 [INFO    ] abtd.agent — File monitor stopped
2026-08-13 16:12:30 [INFO    ] abtd.engine — ✓ Malware classifier loaded
2026-08-13 16:13:39 [WARNING ] abtd.agent — wmi package not installed — USB monitoring disabled. Install: pip install wmi
2026-08-13 16:13:46 [WARNING ] abtd.system — MongoDB connection failed: SSL handshake failed: ac-zkzfou9-shard-00-00.dnvgxor.mongodb.net:27017: [SSL: TLSV1_ALERT_INTERNAL_ERROR] tlsv1 alert internal error (_ssl.c:1081) (configured timeouts: socketTimeoutMS: 5000.0ms, connectTimeoutMS: 5000.0ms),SSL handshake failed: ac-zkzfou9-shard-00-01.dnvgxor.mongodb.net:27017: [SSL: TLSV1_ALERT_INTERNAL_ERROR] tlsv1 alert internal error (_ssl.c:1081) (configured timeouts: socketTimeoutMS: 5000.0ms, connectTimeoutMS: 5000.0ms),SSL handshake failed: ac-zkzfou9-shard-00-02.dnvgxor.mongodb.net:27017: [SSL: TLSV1_ALERT_INTERNAL_ERROR] tlsv1 alert internal error (_ssl.c:1081) (configured timeouts: socketTimeoutMS: 5000.0ms, connectTimeoutMS: 5000.0ms), Timeout: 5.0s, Topology Description: <TopologyDescription id: 6a7d9fdc7898116984f9771f, topology_type: ReplicaSetNoPrimary, servers: [<ServerDescription ('ac-zkzfou9-shard-00-00.dnvgxor.mongodb.net', 27017) server_type: Unknown, rtt: None, error=AutoReconnect('SSL handshake failed: ac-zkzfou9-shard-00-00.dnvgxor.mongodb.net:27017: [SSL: TLSV1_ALERT_INTERNAL_ERROR] tlsv1 alert internal error (_ssl.c:1081) (configured timeouts: socketTimeoutMS: 5000.0ms, connectTimeoutMS: 5000.0ms)')>, <ServerDescription ('ac-zkzfou9-shard-00-01.dnvgxor.mongodb.net', 27017) server_type: Unknown, rtt: None, error=AutoReconnect('SSL handshake failed: ac-zkzfou9-shard-00-01.dnvgxor.mongodb.net:27017: [SSL: TLSV1_ALERT_INTERNAL_ERROR] tlsv1 alert internal error (_ssl.c:1081) (configured timeouts: socketTimeoutMS: 5000.0ms, connectTimeoutMS: 5000.0ms)')>, <ServerDescription ('ac-zkzfou9-shard-00-02.dnvgxor.mongodb.net', 27017) server_type: Unknown, rtt: None, error=AutoReconnect('SSL handshake failed: ac-zkzfou9-shard-00-02.dnvgxor.mongodb.net:27017: [SSL: TLSV1_ALERT_INTERNAL_ERROR] tlsv1 alert internal error (_ssl.c:1081) (configured timeouts: socketTimeoutMS: 5000.0ms, connectTimeoutMS: 5000.0ms)')>]>
2026-08-13 16:13:46 [WARNING ] abtd.system — System will run without database persistence.
2026-08-13 16:13:47 [INFO    ] abtd.system — Flask application created — all blueprints registered
2026-08-13 16:13:47 [INFO    ] abtd.api — Extension scan → https://www.google.com
2026-08-13 16:13:49 [INFO    ] abtd.api — Extension scan → http://paypal-login-verify.tk/account
2026-08-13 16:14:00 [INFO    ] abtd.api — Extension scan → https://github.com
2026-08-13 16:14:02 [INFO    ] abtd.api — Extension scan → https://python.org
2026-08-13 16:14:13 [INFO    ] abtd.api — Manual scan [url] → https://example.com
2026-08-13 16:14:17 [INFO    ] abtd.api — Manual scan [file] → C:/does/not/exist.exe
2026-08-13 16:15:45 [INFO    ] abtd.agent — 🔔 ℹ️ ABTD — Test Alert — Unit test notification
2026-08-13 16:15:45 [INFO    ] abtd.agent — 🔔 ⚠️ ABTD — Long Message — xxxxxxxxxxxxxxxxxxxxxxxxxxxxxxxxxxxxxxxxxxxxxxxxxxxxxxxxxxxxxxxxxxxxxxxxxxxxxxxx
2026-08-13 16:15:45 [INFO    ] abtd.agent — 🔔 🔴 ABTD — Critical Test — Testing critical notification
2026-08-13 16:16:03 [WARNING ] abtd.system — MongoDB connection failed: SSL handshake failed: ac-zkzfou9-shard-00-02.dnvgxor.mongodb.net:27017: [SSL: TLSV1_ALERT_INTERNAL_ERROR] tlsv1 alert internal error (_ssl.c:1081) (configured timeouts: socketTimeoutMS: 5000.0ms, connectTimeoutMS: 5000.0ms),SSL handshake failed: ac-zkzfou9-shard-00-01.dnvgxor.mongodb.net:27017: [SSL: TLSV1_ALERT_INTERNAL_ERROR] tlsv1 alert internal error (_ssl.c:1081) (configured timeouts: socketTimeoutMS: 5000.0ms, connectTimeoutMS: 5000.0ms),SSL handshake failed: ac-zkzfou9-shard-00-00.dnvgxor.mongodb.net:27017: [SSL: TLSV1_ALERT_INTERNAL_ERROR] tlsv1 alert internal error (_ssl.c:1081) (configured timeouts: socketTimeoutMS: 5000.0ms, connectTimeoutMS: 5000.0ms), Timeout: 5.0s, Topology Description: <TopologyDescription id: 6a7da06558e6af91dd1820b6, topology_type: ReplicaSetNoPrimary, servers: [<ServerDescription ('ac-zkzfou9-shard-00-00.dnvgxor.mongodb.net', 27017) server_type: Unknown, rtt: None, error=AutoReconnect('SSL handshake failed: ac-zkzfou9-shard-00-00.dnvgxor.mongodb.net:27017: [SSL: TLSV1_ALERT_INTERNAL_ERROR] tlsv1 alert internal error (_ssl.c:1081) (configured timeouts: socketTimeoutMS: 5000.0ms, connectTimeoutMS: 5000.0ms)')>, <ServerDescription ('ac-zkzfou9-shard-00-01.dnvgxor.mongodb.net', 27017) server_type: Unknown, rtt: None, error=AutoReconnect('SSL handshake failed: ac-zkzfou9-shard-00-01.dnvgxor.mongodb.net:27017: [SSL: TLSV1_ALERT_INTERNAL_ERROR] tlsv1 alert internal error (_ssl.c:1081) (configured timeouts: socketTimeoutMS: 5000.0ms, connectTimeoutMS: 5000.0ms)')>, <ServerDescription ('ac-zkzfou9-shard-00-02.dnvgxor.mongodb.net', 27017) server_type: Unknown, rtt: None, error=AutoReconnect('SSL handshake failed: ac-zkzfou9-shard-00-02.dnvgxor.mongodb.net:27017: [SSL: TLSV1_ALERT_INTERNAL_ERROR] tlsv1 alert internal error (_ssl.c:1081) (configured timeouts: socketTimeoutMS: 5000.0ms, connectTimeoutMS: 5000.0ms)')>]>
2026-08-13 16:16:03 [WARNING ] abtd.system — System will run without database persistence.
2026-08-13 16:16:04 [INFO    ] abtd.system — Flask application created — all blueprints registered
2026-08-13 16:18:34 [INFO    ] abtd.agent — 👁 Watching: C:\Users\birju/Downloads
2026-08-13 16:18:34 [INFO    ] abtd.agent — 👁 Watching: C:\Users\birju\AppData\Local\Temp
2026-08-13 16:18:34 [INFO    ] abtd.agent — ✓ File monitor started
2026-08-13 16:18:34 [INFO    ] abtd.agent — File monitor stopped
2026-08-13 16:18:34 [INFO    ] abtd.engine — ✓ Malware classifier loaded
2026-08-13 16:19:35 [WARNING ] abtd.agent — wmi package not installed — USB monitoring disabled. Install: pip install wmi
2026-08-13 16:19:42 [WARNING ] abtd.system — MongoDB connection failed: SSL handshake failed: ac-zkzfou9-shard-00-01.dnvgxor.mongodb.net:27017: [SSL: TLSV1_ALERT_INTERNAL_ERROR] tlsv1 alert internal error (_ssl.c:1081) (configured timeouts: socketTimeoutMS: 5000.0ms, connectTimeoutMS: 5000.0ms),SSL handshake failed: ac-zkzfou9-shard-00-02.dnvgxor.mongodb.net:27017: [SSL: TLSV1_ALERT_INTERNAL_ERROR] tlsv1 alert internal error (_ssl.c:1081) (configured timeouts: socketTimeoutMS: 5000.0ms, connectTimeoutMS: 5000.0ms),SSL handshake failed: ac-zkzfou9-shard-00-00.dnvgxor.mongodb.net:27017: [SSL: TLSV1_ALERT_INTERNAL_ERROR] tlsv1 alert internal error (_ssl.c:1081) (configured timeouts: socketTimeoutMS: 5000.0ms, connectTimeoutMS: 5000.0ms), Timeout: 5.0s, Topology Description: <TopologyDescription id: 6a7da1404c72c66e075241f0, topology_type: ReplicaSetNoPrimary, servers: [<ServerDescription ('ac-zkzfou9-shard-00-00.dnvgxor.mongodb.net', 27017) server_type: Unknown, rtt: None, error=AutoReconnect('SSL handshake failed: ac-zkzfou9-shard-00-00.dnvgxor.mongodb.net:27017: [SSL: TLSV1_ALERT_INTERNAL_ERROR] tlsv1 alert internal error (_ssl.c:1081) (configured timeouts: socketTimeoutMS: 5000.0ms, connectTimeoutMS: 5000.0ms)')>, <ServerDescription ('ac-zkzfou9-shard-00-01.dnvgxor.mongodb.net', 27017) server_type: Unknown, rtt: None, error=AutoReconnect('SSL handshake failed: ac-zkzfou9-shard-00-01.dnvgxor.mongodb.net:27017: [SSL: TLSV1_ALERT_INTERNAL_ERROR] tlsv1 alert internal error (_ssl.c:1081) (configured timeouts: socketTimeoutMS: 5000.0ms, connectTimeoutMS: 5000.0ms)')>, <ServerDescription ('ac-zkzfou9-shard-00-02.dnvgxor.mongodb.net', 27017) server_type: Unknown, rtt: None, error=AutoReconnect('SSL handshake failed: ac-zkzfou9-shard-00-02.dnvgxor.mongodb.net:27017: [SSL: TLSV1_ALERT_INTERNAL_ERROR] tlsv1 alert internal error (_ssl.c:1081) (configured timeouts: socketTimeoutMS: 5000.0ms, connectTimeoutMS: 5000.0ms)')>]>
2026-08-13 16:19:42 [WARNING ] abtd.system — System will run without database persistence.
2026-08-13 16:19:42 [INFO    ] abtd.system — Flask application created — all blueprints registered
2026-08-13 16:19:42 [INFO    ] abtd.api — Extension scan → https://www.google.com
2026-08-13 16:19:44 [INFO    ] abtd.api — Extension scan → http://paypal-login-verify.tk/account
2026-08-13 16:19:55 [INFO    ] abtd.api — Extension scan → https://github.com
2026-08-13 16:19:57 [INFO    ] abtd.api — Extension scan → https://python.org
2026-08-13 16:19:59 [INFO    ] abtd.api — Manual scan [url] → https://example.com
2026-08-13 16:20:00 [INFO    ] abtd.api — Manual scan [file] → C:/does/not/exist.exe
2026-08-13 16:20:41 [WARNING ] abtd.system — MongoDB connection failed: SSL handshake failed: ac-zkzfou9-shard-00-01.dnvgxor.mongodb.net:27017: [SSL: TLSV1_ALERT_INTERNAL_ERROR] tlsv1 alert internal error (_ssl.c:1081) (configured timeouts: socketTimeoutMS: 5000.0ms, connectTimeoutMS: 5000.0ms),SSL handshake failed: ac-zkzfou9-shard-00-00.dnvgxor.mongodb.net:27017: [SSL: TLSV1_ALERT_INTERNAL_ERROR] tlsv1 alert internal error (_ssl.c:1081) (configured timeouts: socketTimeoutMS: 5000.0ms, connectTimeoutMS: 5000.0ms),SSL handshake failed: ac-zkzfou9-shard-00-02.dnvgxor.mongodb.net:27017: [SSL: TLSV1_ALERT_INTERNAL_ERROR] tlsv1 alert internal error (_ssl.c:1081) (configured timeouts: socketTimeoutMS: 5000.0ms, connectTimeoutMS: 5000.0ms), Timeout: 5.0s, Topology Description: <TopologyDescription id: 6a7da17bb8e7c2bc007ea2b2, topology_type: ReplicaSetNoPrimary, servers: [<ServerDescription ('ac-zkzfou9-shard-00-00.dnvgxor.mongodb.net', 27017) server_type: Unknown, rtt: None, error=AutoReconnect('SSL handshake failed: ac-zkzfou9-shard-00-00.dnvgxor.mongodb.net:27017: [SSL: TLSV1_ALERT_INTERNAL_ERROR] tlsv1 alert internal error (_ssl.c:1081) (configured timeouts: socketTimeoutMS: 5000.0ms, connectTimeoutMS: 5000.0ms)')>, <ServerDescription ('ac-zkzfou9-shard-00-01.dnvgxor.mongodb.net', 27017) server_type: Unknown, rtt: None, error=AutoReconnect('SSL handshake failed: ac-zkzfou9-shard-00-01.dnvgxor.mongodb.net:27017: [SSL: TLSV1_ALERT_INTERNAL_ERROR] tlsv1 alert internal error (_ssl.c:1081) (configured timeouts: socketTimeoutMS: 5000.0ms, connectTimeoutMS: 5000.0ms)')>, <ServerDescription ('ac-zkzfou9-shard-00-02.dnvgxor.mongodb.net', 27017) server_type: Unknown, rtt: None, error=AutoReconnect('SSL handshake failed: ac-zkzfou9-shard-00-02.dnvgxor.mongodb.net:27017: [SSL: TLSV1_ALERT_INTERNAL_ERROR] tlsv1 alert internal error (_ssl.c:1081) (configured timeouts: socketTimeoutMS: 5000.0ms, connectTimeoutMS: 5000.0ms)')>]>
2026-08-13 16:20:41 [WARNING ] abtd.system — System will run without database persistence.
2026-08-13 16:20:41 [INFO    ] abtd.system — Flask application created — all blueprints registered
2026-08-13 16:21:02 [INFO    ] abtd.agent — 🔔 ℹ️ ABTD — Test Alert — Unit test notification
2026-08-13 16:21:02 [INFO    ] abtd.agent — 🔔 ⚠️ ABTD — Long Message — xxxxxxxxxxxxxxxxxxxxxxxxxxxxxxxxxxxxxxxxxxxxxxxxxxxxxxxxxxxxxxxxxxxxxxxxxxxxxxxx
2026-08-13 16:21:02 [INFO    ] abtd.agent — 🔔 🔴 ABTD — Critical Test — Testing critical notification
2026-08-13 16:23:32 [INFO    ] abtd.agent — 🔔 ℹ️ ABTD — Test Alert — Unit test notification
2026-08-13 16:23:32 [INFO    ] abtd.agent — 🔔 ⚠️ ABTD — Long Message — xxxxxxxxxxxxxxxxxxxxxxxxxxxxxxxxxxxxxxxxxxxxxxxxxxxxxxxxxxxxxxxxxxxxxxxxxxxxxxxx
2026-08-13 16:23:32 [INFO    ] abtd.agent — 🔔 🔴 ABTD — Critical Test — Testing critical notification
2026-08-13 16:26:35 [INFO    ] abtd.agent — 👁 Watching: C:\Users\birju/Downloads
2026-08-13 16:26:35 [INFO    ] abtd.agent — 👁 Watching: C:\Users\birju\AppData\Local\Temp
2026-08-13 16:26:35 [INFO    ] abtd.agent — ✓ File monitor started
2026-08-13 16:26:35 [INFO    ] abtd.agent — File monitor stopped
2026-08-13 16:26:35 [INFO    ] abtd.engine — ✓ Malware classifier loaded
2026-08-13 16:27:21 [INFO    ] abtd.agent — 🔔 ℹ️ ABTD — Test Alert — Unit test notification
2026-08-13 16:27:21 [INFO    ] abtd.agent — 🔔 ⚠️ ABTD — Long Message — xxxxxxxxxxxxxxxxxxxxxxxxxxxxxxxxxxxxxxxxxxxxxxxxxxxxxxxxxxxxxxxxxxxxxxxxxxxxxxxx
2026-08-13 16:27:21 [INFO    ] abtd.agent — 🔔 🔴 ABTD — Critical Test — Testing critical notification
2026-08-13 16:27:22 [INFO    ] abtd.agent — 👁 Watching: C:\Users\birju/Downloads
2026-08-13 16:27:22 [INFO    ] abtd.agent — 👁 Watching: C:\Users\birju\AppData\Local\Temp
2026-08-13 16:27:22 [INFO    ] abtd.agent — ✓ File monitor started
2026-08-13 16:27:22 [INFO    ] abtd.agent — File monitor stopped
2026-08-13 16:27:25 [INFO    ] abtd.engine — ✓ Malware classifier loaded
2026-08-13 16:27:44 [WARNING ] abtd.agent — wmi package not installed — USB monitoring disabled. Install: pip install wmi
2026-08-13 16:27:51 [WARNING ] abtd.system — MongoDB connection failed: SSL handshake failed: ac-zkzfou9-shard-00-00.dnvgxor.mongodb.net:27017: [SSL: TLSV1_ALERT_INTERNAL_ERROR] tlsv1 alert internal error (_ssl.c:1081) (configured timeouts: socketTimeoutMS: 5000.0ms, connectTimeoutMS: 5000.0ms),SSL handshake failed: ac-zkzfou9-shard-00-02.dnvgxor.mongodb.net:27017: [SSL: TLSV1_ALERT_INTERNAL_ERROR] tlsv1 alert internal error (_ssl.c:1081) (configured timeouts: socketTimeoutMS: 5000.0ms, connectTimeoutMS: 5000.0ms),SSL handshake failed: ac-zkzfou9-shard-00-01.dnvgxor.mongodb.net:27017: [SSL: TLSV1_ALERT_INTERNAL_ERROR] tlsv1 alert internal error (_ssl.c:1081) (configured timeouts: socketTimeoutMS: 5000.0ms, connectTimeoutMS: 5000.0ms), Timeout: 5.0s, Topology Description: <TopologyDescription id: 6a7da3292ced1dc020cf37c3, topology_type: ReplicaSetNoPrimary, servers: [<ServerDescription ('ac-zkzfou9-shard-00-00.dnvgxor.mongodb.net', 27017) server_type: Unknown, rtt: None, error=AutoReconnect('SSL handshake failed: ac-zkzfou9-shard-00-00.dnvgxor.mongodb.net:27017: [SSL: TLSV1_ALERT_INTERNAL_ERROR] tlsv1 alert internal error (_ssl.c:1081) (configured timeouts: socketTimeoutMS: 5000.0ms, connectTimeoutMS: 5000.0ms)')>, <ServerDescription ('ac-zkzfou9-shard-00-01.dnvgxor.mongodb.net', 27017) server_type: Unknown, rtt: None, error=AutoReconnect('SSL handshake failed: ac-zkzfou9-shard-00-01.dnvgxor.mongodb.net:27017: [SSL: TLSV1_ALERT_INTERNAL_ERROR] tlsv1 alert internal error (_ssl.c:1081) (configured timeouts: socketTimeoutMS: 5000.0ms, connectTimeoutMS: 5000.0ms)')>, <ServerDescription ('ac-zkzfou9-shard-00-02.dnvgxor.mongodb.net', 27017) server_type: Unknown, rtt: None, error=AutoReconnect('SSL handshake failed: ac-zkzfou9-shard-00-02.dnvgxor.mongodb.net:27017: [SSL: TLSV1_ALERT_INTERNAL_ERROR] tlsv1 alert internal error (_ssl.c:1081) (configured timeouts: socketTimeoutMS: 5000.0ms, connectTimeoutMS: 5000.0ms)')>]>
2026-08-13 16:27:51 [WARNING ] abtd.system — System will run without database persistence.
2026-08-13 16:27:51 [INFO    ] abtd.system — Flask application created — all blueprints registered
2026-08-13 16:27:51 [INFO    ] abtd.api — Extension scan → https://www.google.com
2026-08-13 16:27:54 [INFO    ] abtd.api — Extension scan → http://paypal-login-verify.tk/account
2026-08-13 16:28:05 [INFO    ] abtd.api — Extension scan → https://github.com
2026-08-13 16:28:07 [INFO    ] abtd.api — Extension scan → https://python.org
2026-08-13 16:28:08 [WARNING ] abtd.system — MongoDB connection failed: SSL handshake failed: ac-zkzfou9-shard-00-02.dnvgxor.mongodb.net:27017: [SSL: TLSV1_ALERT_INTERNAL_ERROR] tlsv1 alert internal error (_ssl.c:1081) (configured timeouts: socketTimeoutMS: 5000.0ms, connectTimeoutMS: 5000.0ms),SSL handshake failed: ac-zkzfou9-shard-00-00.dnvgxor.mongodb.net:27017: [SSL: TLSV1_ALERT_INTERNAL_ERROR] tlsv1 alert internal error (_ssl.c:1081) (configured timeouts: socketTimeoutMS: 5000.0ms, connectTimeoutMS: 5000.0ms),SSL handshake failed: ac-zkzfou9-shard-00-01.dnvgxor.mongodb.net:27017: [SSL: TLSV1_ALERT_INTERNAL_ERROR] tlsv1 alert internal error (_ssl.c:1081) (configured timeouts: socketTimeoutMS: 5000.0ms, connectTimeoutMS: 5000.0ms), Timeout: 5.0s, Topology Description: <TopologyDescription id: 6a7da33ae661d71278edeb6c, topology_type: ReplicaSetNoPrimary, servers: [<ServerDescription ('ac-zkzfou9-shard-00-00.dnvgxor.mongodb.net', 27017) server_type: Unknown, rtt: None, error=AutoReconnect('SSL handshake failed: ac-zkzfou9-shard-00-00.dnvgxor.mongodb.net:27017: [SSL: TLSV1_ALERT_INTERNAL_ERROR] tlsv1 alert internal error (_ssl.c:1081) (configured timeouts: socketTimeoutMS: 5000.0ms, connectTimeoutMS: 5000.0ms)')>, <ServerDescription ('ac-zkzfou9-shard-00-01.dnvgxor.mongodb.net', 27017) server_type: Unknown, rtt: None, error=AutoReconnect('SSL handshake failed: ac-zkzfou9-shard-00-01.dnvgxor.mongodb.net:27017: [SSL: TLSV1_ALERT_INTERNAL_ERROR] tlsv1 alert internal error (_ssl.c:1081) (configured timeouts: socketTimeoutMS: 5000.0ms, connectTimeoutMS: 5000.0ms)')>, <ServerDescription ('ac-zkzfou9-shard-00-02.dnvgxor.mongodb.net', 27017) server_type: Unknown, rtt: None, error=AutoReconnect('SSL handshake failed: ac-zkzfou9-shard-00-02.dnvgxor.mongodb.net:27017: [SSL: TLSV1_ALERT_INTERNAL_ERROR] tlsv1 alert internal error (_ssl.c:1081) (configured timeouts: socketTimeoutMS: 5000.0ms, connectTimeoutMS: 5000.0ms)')>]>
2026-08-13 16:28:08 [WARNING ] abtd.system — System will run without database persistence.
2026-08-13 16:28:08 [INFO    ] abtd.system — Flask application created — all blueprints registered
2026-08-13 16:28:08 [INFO    ] abtd.api — Extension scan → https://www.google.com
2026-08-13 16:28:08 [INFO    ] abtd.api — Manual scan [url] → https://example.com
2026-08-13 16:28:10 [INFO    ] abtd.api — Extension scan → http://paypal-login-verify.tk/account
2026-08-13 16:28:10 [INFO    ] abtd.api — Manual scan [file] → C:/does/not/exist.exe
2026-08-13 16:28:21 [INFO    ] abtd.api — Extension scan → https://github.com
2026-08-13 16:28:22 [INFO    ] abtd.api — Extension scan → https://python.org
2026-08-13 16:28:24 [INFO    ] abtd.api — Manual scan [url] → https://example.com
2026-08-13 16:28:26 [INFO    ] abtd.api — Manual scan [file] → C:/does/not/exist.exe
2026-08-13 16:28:44 [WARNING ] abtd.agent — wmi package not installed — USB monitoring disabled. Install: pip install wmi
2026-08-13 16:32:10 [INFO    ] abtd.system — ✓ All 4 ML models loaded
2026-08-13 16:32:10 [INFO    ] abtd.system — ✓ Windows background agent started (daemon thread)
2026-08-13 16:32:11 [INFO    ] abtd.agent — =======================================================
2026-08-13 16:32:11 [INFO    ] abtd.agent —   ABTD Windows Agent v2.0 — Starting
2026-08-13 16:32:11 [INFO    ] abtd.agent —   Zero Trust + ABTD Continuous Monitoring
2026-08-13 16:32:11 [INFO    ] abtd.agent — =======================================================
2026-08-13 16:32:11 [ERROR   ] abtd.system — Agent thread error: signal only works in main thread of the main interpreter
2026-08-13 16:32:17 [WARNING ] abtd.system — MongoDB connection failed: SSL handshake failed: ac-zkzfou9-shard-00-01.dnvgxor.mongodb.net:27017: [SSL: TLSV1_ALERT_INTERNAL_ERROR] tlsv1 alert internal error (_ssl.c:1081) (configured timeouts: socketTimeoutMS: 5000.0ms, connectTimeoutMS: 5000.0ms),SSL handshake failed: ac-zkzfou9-shard-00-00.dnvgxor.mongodb.net:27017: [SSL: TLSV1_ALERT_INTERNAL_ERROR] tlsv1 alert internal error (_ssl.c:1081) (configured timeouts: socketTimeoutMS: 5000.0ms, connectTimeoutMS: 5000.0ms),SSL handshake failed: ac-zkzfou9-shard-00-02.dnvgxor.mongodb.net:27017: [SSL: TLSV1_ALERT_INTERNAL_ERROR] tlsv1 alert internal error (_ssl.c:1081) (configured timeouts: socketTimeoutMS: 5000.0ms, connectTimeoutMS: 5000.0ms), Timeout: 5.0s, Topology Description: <TopologyDescription id: 6a7da433142fe5e99cfc23a0, topology_type: ReplicaSetNoPrimary, servers: [<ServerDescription ('ac-zkzfou9-shard-00-00.dnvgxor.mongodb.net', 27017) server_type: Unknown, rtt: None, error=AutoReconnect('SSL handshake failed: ac-zkzfou9-shard-00-00.dnvgxor.mongodb.net:27017: [SSL: TLSV1_ALERT_INTERNAL_ERROR] tlsv1 alert internal error (_ssl.c:1081) (configured timeouts: socketTimeoutMS: 5000.0ms, connectTimeoutMS: 5000.0ms)')>, <ServerDescription ('ac-zkzfou9-shard-00-01.dnvgxor.mongodb.net', 27017) server_type: Unknown, rtt: None, error=AutoReconnect('SSL handshake failed: ac-zkzfou9-shard-00-01.dnvgxor.mongodb.net:27017: [SSL: TLSV1_ALERT_INTERNAL_ERROR] tlsv1 alert internal error (_ssl.c:1081) (configured timeouts: socketTimeoutMS: 5000.0ms, connectTimeoutMS: 5000.0ms)')>, <ServerDescription ('ac-zkzfou9-shard-00-02.dnvgxor.mongodb.net', 27017) server_type: Unknown, rtt: None, error=AutoReconnect('SSL handshake failed: ac-zkzfou9-shard-00-02.dnvgxor.mongodb.net:27017: [SSL: TLSV1_ALERT_INTERNAL_ERROR] tlsv1 alert internal error (_ssl.c:1081) (configured timeouts: socketTimeoutMS: 5000.0ms, connectTimeoutMS: 5000.0ms)')>]>
2026-08-13 16:32:17 [WARNING ] abtd.system — System will run without database persistence.
2026-08-13 16:32:17 [INFO    ] abtd.system — Flask application created — all blueprints registered
2026-08-13 16:32:17 [INFO    ] abtd.system — ✓ Flask server starting on http://127.0.0.1:5000
2026-08-13 16:32:17 [INFO    ] abtd.system —   Dashboard: http://127.0.0.1:5000/dashboard
2026-08-13 16:35:27 [WARNING ] abtd.system — All MongoDB connection attempts failed: SSL handshake failed: ac-zkzfou9-shard-00-02.dnvgxor.mongodb.net:27017: [SSL: TLSV1_ALERT_INTERNAL_ERROR] tlsv1 alert internal error (_ssl.c:1081) (configured timeouts: socketTimeoutMS: 8000.0ms, connectTimeoutMS: 8000.0ms),SSL handshake failed: ac-zkzfou9-shard-00-00.dnvgxor.mongodb.net:27017: [SSL: TLSV1_ALERT_INTERNAL_ERROR] tlsv1 alert internal error (_ssl.c:1081) (configured timeouts: socketTimeoutMS: 8000.0ms, connectTimeoutMS: 8000.0ms),SSL handshake failed: ac-zkzfou9-shard-00-01.dnvgxor.mongodb.net:27017: [SSL: TLSV1_ALERT_INTERNAL_ERROR] tlsv1 alert internal error (_ssl.c:1081) (configured timeouts: socketTimeoutMS: 8000.0ms, connectTimeoutMS: 8000.0ms), Timeout: 8.0s, Topology Description: <TopologyDescription id: 6a7da4efb6e3f4016ccfc000, topology_type: ReplicaSetNoPrimary, servers: [<ServerDescription ('ac-zkzfou9-shard-00-00.dnvgxor.mongodb.net', 27017) server_type: Unknown, rtt: None, error=AutoReconnect('SSL handshake failed: ac-zkzfou9-shard-00-00.dnvgxor.mongodb.net:27017: [SSL: TLSV1_ALERT_INTERNAL_ERROR] tlsv1 alert internal error (_ssl.c:1081) (configured timeouts: socketTimeoutMS: 8000.0ms, connectTimeoutMS: 8000.0ms)')>, <ServerDescription ('ac-zkzfou9-shard-00-01.dnvgxor.mongodb.net', 27017) server_type: Unknown, rtt: None, error=AutoReconnect('SSL handshake failed: ac-zkzfou9-shard-00-01.dnvgxor.mongodb.net:27017: [SSL: TLSV1_ALERT_INTERNAL_ERROR] tlsv1 alert internal error (_ssl.c:1081) (configured timeouts: socketTimeoutMS: 8000.0ms, connectTimeoutMS: 8000.0ms)')>, <ServerDescription ('ac-zkzfou9-shard-00-02.dnvgxor.mongodb.net', 27017) server_type: Unknown, rtt: None, error=AutoReconnect('SSL handshake failed: ac-zkzfou9-shard-00-02.dnvgxor.mongodb.net:27017: [SSL: TLSV1_ALERT_INTERNAL_ERROR] tlsv1 alert internal error (_ssl.c:1081) (configured timeouts: socketTimeoutMS: 8000.0ms, connectTimeoutMS: 8000.0ms)')>]>
2026-08-13 16:35:27 [WARNING ] abtd.system — System will run without database persistence.
2026-08-13 16:36:48 [INFO    ] abtd.system — ✓ All 4 ML models loaded
2026-08-13 16:36:48 [INFO    ] abtd.system — ✓ Windows background agent started (daemon thread)
2026-08-13 16:36:48 [INFO    ] abtd.agent — =======================================================
2026-08-13 16:36:48 [INFO    ] abtd.agent —   ABTD Windows Agent v2.0 — Starting
2026-08-13 16:36:48 [INFO    ] abtd.agent —   Zero Trust + ABTD Continuous Monitoring
2026-08-13 16:36:48 [INFO    ] abtd.agent — =======================================================
2026-08-13 16:36:48 [ERROR   ] abtd.system — Agent thread error: signal only works in main thread of the main interpreter
2026-08-13 16:37:12 [WARNING ] abtd.system — All MongoDB connection attempts failed: SSL handshake failed: ac-zkzfou9-shard-00-01.dnvgxor.mongodb.net:27017: [SSL: TLSV1_ALERT_INTERNAL_ERROR] tlsv1 alert internal error (_ssl.c:1081) (configured timeouts: socketTimeoutMS: 8000.0ms, connectTimeoutMS: 8000.0ms),SSL handshake failed: ac-zkzfou9-shard-00-02.dnvgxor.mongodb.net:27017: [SSL: TLSV1_ALERT_INTERNAL_ERROR] tlsv1 alert internal error (_ssl.c:1081) (configured timeouts: socketTimeoutMS: 8000.0ms, connectTimeoutMS: 8000.0ms),SSL handshake failed: ac-zkzfou9-shard-00-00.dnvgxor.mongodb.net:27017: [SSL: TLSV1_ALERT_INTERNAL_ERROR] tlsv1 alert internal error (_ssl.c:1081) (configured timeouts: socketTimeoutMS: 8000.0ms, connectTimeoutMS: 8000.0ms), Timeout: 8.0s, Topology Description: <TopologyDescription id: 6a7da55723b9ac9d05aec661, topology_type: ReplicaSetNoPrimary, servers: [<ServerDescription ('ac-zkzfou9-shard-00-00.dnvgxor.mongodb.net', 27017) server_type: Unknown, rtt: None, error=AutoReconnect('SSL handshake failed: ac-zkzfou9-shard-00-00.dnvgxor.mongodb.net:27017: [SSL: TLSV1_ALERT_INTERNAL_ERROR] tlsv1 alert internal error (_ssl.c:1081) (configured timeouts: socketTimeoutMS: 8000.0ms, connectTimeoutMS: 8000.0ms)')>, <ServerDescription ('ac-zkzfou9-shard-00-01.dnvgxor.mongodb.net', 27017) server_type: Unknown, rtt: None, error=AutoReconnect('SSL handshake failed: ac-zkzfou9-shard-00-01.dnvgxor.mongodb.net:27017: [SSL: TLSV1_ALERT_INTERNAL_ERROR] tlsv1 alert internal error (_ssl.c:1081) (configured timeouts: socketTimeoutMS: 8000.0ms, connectTimeoutMS: 8000.0ms)')>, <ServerDescription ('ac-zkzfou9-shard-00-02.dnvgxor.mongodb.net', 27017) server_type: Unknown, rtt: None, error=AutoReconnect('SSL handshake failed: ac-zkzfou9-shard-00-02.dnvgxor.mongodb.net:27017: [SSL: TLSV1_ALERT_INTERNAL_ERROR] tlsv1 alert internal error (_ssl.c:1081) (configured timeouts: socketTimeoutMS: 8000.0ms, connectTimeoutMS: 8000.0ms)')>]>
2026-08-13 16:37:12 [WARNING ] abtd.system — System will run without database persistence.
2026-08-13 16:37:13 [INFO    ] abtd.system — Flask application created — all blueprints registered
2026-08-13 16:37:13 [INFO    ] abtd.system — ✓ Flask server starting on http://127.0.0.1:5000
2026-08-13 16:37:13 [INFO    ] abtd.system —   Dashboard: http://127.0.0.1:5000/dashboard
2026-08-13 16:38:06 [WARNING ] abtd.system — MongoDB connection failed: SSL handshake failed: ac-zkzfou9-shard-00-02.dnvgxor.mongodb.net:27017: [SSL: TLSV1_ALERT_INTERNAL_ERROR] tlsv1 alert internal error (_ssl.c:1081) (configured timeouts: socketTimeoutMS: 8000.0ms, connectTimeoutMS: 8000.0ms),SSL handshake failed: ac-zkzfou9-shard-00-01.dnvgxor.mongodb.net:27017: [SSL: TLSV1_ALERT_INTERNAL_ERROR] tlsv1 alert internal error (_ssl.c:1081) (configured timeouts: socketTimeoutMS: 8000.0ms, connectTimeoutMS: 8000.0ms),SSL handshake failed: ac-zkzfou9-shard-00-00.dnvgxor.mongodb.net:27017: [SSL: TLSV1_ALERT_INTERNAL_ERROR] tlsv1 alert internal error (_ssl.c:1081) (configured timeouts: socketTimeoutMS: 8000.0ms, connectTimeoutMS: 8000.0ms), Timeout: 8.0s, Topology Description: <TopologyDescription id: 6a7da58d947aba1c0c8ddf44, topology_type: ReplicaSetNoPrimary, servers: [<ServerDescription ('ac-zkzfou9-shard-00-00.dnvgxor.mongodb.net', 27017) server_type: Unknown, rtt: None, error=AutoReconnect('SSL handshake failed: ac-zkzfou9-shard-00-00.dnvgxor.mongodb.net:27017: [SSL: TLSV1_ALERT_INTERNAL_ERROR] tlsv1 alert internal error (_ssl.c:1081) (configured timeouts: socketTimeoutMS: 8000.0ms, connectTimeoutMS: 8000.0ms)')>, <ServerDescription ('ac-zkzfou9-shard-00-01.dnvgxor.mongodb.net', 27017) server_type: Unknown, rtt: None, error=AutoReconnect('SSL handshake failed: ac-zkzfou9-shard-00-01.dnvgxor.mongodb.net:27017: [SSL: TLSV1_ALERT_INTERNAL_ERROR] tlsv1 alert internal error (_ssl.c:1081) (configured timeouts: socketTimeoutMS: 8000.0ms, connectTimeoutMS: 8000.0ms)')>, <ServerDescription ('ac-zkzfou9-shard-00-02.dnvgxor.mongodb.net', 27017) server_type: Unknown, rtt: None, error=AutoReconnect('SSL handshake failed: ac-zkzfou9-shard-00-02.dnvgxor.mongodb.net:27017: [SSL: TLSV1_ALERT_INTERNAL_ERROR] tlsv1 alert internal error (_ssl.c:1081) (configured timeouts: socketTimeoutMS: 8000.0ms, connectTimeoutMS: 8000.0ms)')>]>
2026-08-13 16:38:06 [WARNING ] abtd.system — System will run without database persistence.
2026-08-13 16:50:08 [INFO    ] abtd.system — MongoDB disabled (MONGO_ENABLED=false) — running in offline mode.
2026-08-13 16:53:12 [INFO    ] abtd.api — Extension scan → https://bat-to-exe-converter-x64.en.softonic.com/download
2026-08-13 16:53:20 [INFO    ] abtd.api — Extension scan → https://en.softonic.com/download/bat-to-exe-converter-x64/windows/post-download?
2026-08-13 17:04:26 [INFO    ] abtd.system — MongoDB disabled (MONGO_ENABLED=false) — running in offline mode.
2026-08-13 17:04:27 [INFO    ] abtd.system — Flask application created — all blueprints registered
2026-08-13 17:04:27 [INFO    ] abtd.api — Extension scan → https://www.google.com
2026-08-13 17:04:42 [INFO    ] abtd.api — Extension scan → http://paypal-login-verify.tk/account
2026-08-13 17:04:53 [INFO    ] abtd.api — Extension scan → https://github.com
2026-08-13 17:04:57 [INFO    ] abtd.api — Extension scan → https://python.org
2026-08-13 17:05:01 [INFO    ] abtd.api — Manual scan [url] → https://example.com
2026-08-13 17:05:09 [INFO    ] abtd.api — Manual scan [file] → C:/does/not/exist.exe
2026-08-13 17:08:52 [INFO    ] abtd.system — MongoDB disabled (MONGO_ENABLED=false) — running in offline mode.
2026-08-13 17:08:52 [INFO    ] abtd.system — Flask application created — all blueprints registered
2026-08-13 17:08:52 [INFO    ] abtd.api — Extension scan → https://www.google.com
2026-08-13 17:09:10 [INFO    ] abtd.api — Extension scan → http://paypal-login-verify.tk/account
2026-08-13 17:09:21 [INFO    ] abtd.api — Extension scan → https://github.com
2026-08-13 17:09:25 [INFO    ] abtd.api — Extension scan → https://python.org
2026-08-13 17:09:28 [INFO    ] abtd.api — Manual scan [url] → https://example.com
2026-08-13 17:09:32 [INFO    ] abtd.api — Manual scan [file] → C:/does/not/exist.exe
2026-08-13 17:11:48 [INFO    ] abtd.system — MongoDB disabled (MONGO_ENABLED=false) — running in offline mode.
2026-08-13 17:11:48 [INFO    ] abtd.system — Flask application created — all blueprints registered
2026-08-13 17:11:48 [INFO    ] abtd.api — Extension scan → https://www.google.com
2026-08-13 17:11:59 [INFO    ] abtd.api — Extension scan → http://paypal-login-verify.tk/account
2026-08-13 17:12:10 [INFO    ] abtd.api — Extension scan → https://github.com
2026-08-13 17:12:13 [INFO    ] abtd.api — Extension scan → https://python.org
2026-08-13 17:12:16 [INFO    ] abtd.api — Manual scan [url] → https://example.com
2026-08-13 17:12:19 [INFO    ] abtd.api — Manual scan [file] → C:/does/not/exist.exe
2026-08-13 17:21:17 [INFO    ] abtd.system — MongoDB disabled (MONGO_ENABLED=false) — running in offline mode.
2026-08-13 17:21:17 [INFO    ] abtd.system — Flask application created — all blueprints registered
2026-08-13 17:21:17 [INFO    ] abtd.api — Extension scan → https://www.google.com
2026-08-13 17:21:28 [INFO    ] abtd.api — Extension scan → http://paypal-login-verify.tk/account
2026-08-13 17:21:39 [INFO    ] abtd.api — Extension scan → https://github.com
2026-08-13 17:21:41 [INFO    ] abtd.api — Extension scan → https://python.org
2026-08-13 17:21:43 [INFO    ] abtd.api — Manual scan [url] → https://example.com
2026-08-13 17:21:45 [INFO    ] abtd.api — Manual scan [file] → C:/does/not/exist.exe
2026-08-13 17:22:16 [INFO    ] abtd.system — Security assessment complete — posture=10, zt=75
2026-08-13 17:33:26 [WARNING ] abtd.agent — wmi package not installed — USB monitoring disabled. Install: pip install wmi
2026-08-13 17:33:54 [INFO    ] abtd.engine — ✓ Malware classifier loaded
2026-08-13 17:34:07 [INFO    ] abtd.agent — 🔔 ℹ️ ABTD — Test Alert — Unit test notification
2026-08-13 17:34:07 [INFO    ] abtd.agent — 🔔 ⚠️ ABTD — Long Message — xxxxxxxxxxxxxxxxxxxxxxxxxxxxxxxxxxxxxxxxxxxxxxxxxxxxxxxxxxxxxxxxxxxxxxxxxxxxxxxx
2026-08-13 17:34:07 [INFO    ] abtd.agent — 🔔 🔴 ABTD — Critical Test — Testing critical notification
2026-08-13 17:36:54 [INFO    ] abtd.agent — 👁 Watching: C:\Users\birju/Downloads
2026-08-13 17:36:54 [INFO    ] abtd.agent — 👁 Watching: C:\Users\birju\AppData\Local\Temp
2026-08-13 17:36:54 [INFO    ] abtd.agent — ✓ File monitor started
2026-08-13 17:36:54 [INFO    ] abtd.agent — File monitor stopped
2026-08-13 17:39:05 [INFO    ] abtd.system — MongoDB disabled (MONGO_ENABLED=false) — running in offline mode.
2026-08-13 17:39:05 [INFO    ] abtd.system — Flask application created — all blueprints registered
2026-08-13 17:39:05 [INFO    ] abtd.api — Extension scan → https://www.google.com
2026-08-13 17:39:10 [INFO    ] abtd.api — Extension scan → http://paypal-login-verify.tk/account
2026-08-13 17:39:21 [INFO    ] abtd.api — Extension scan → https://github.com
2026-08-13 17:39:24 [INFO    ] abtd.api — Extension scan → https://python.org
2026-08-13 17:39:26 [INFO    ] abtd.api — Manual scan [url] → https://example.com
2026-08-13 17:39:29 [INFO    ] abtd.api — Manual scan [file] → C:/does/not/exist.exe
